// Jest Snapshot v1, https://goo.gl/fbAQLP

exports[`should take a snapshot 1`] = `
<DocumentFragment>
  <div
    class="sc-dkPtRN hxQNcX"
  >
    <div
      class="sc-gsDKAQ iHOkQT"
    />
    <div
      class="MuiInputBase-root sc-bdvvtL fdOUbG"
      sx="[object Object]"
    >
      <input
        class="MuiInputBase-input"
        type="text"
        value=""
      />
    </div>
  </div>
</DocumentFragment>
`;
