// Jest Snapshot v1, https://goo.gl/fbAQLP

exports[`should take a snapshot 1`] = `
<DocumentFragment>
  <div
    style="margin-left: 20px;"
  >
    <div
      style="font-size: 20px; font-weight: 600; padding-top: 20px; padding-left: 20px;"
    />
    <div
      style="font-size: 18px; font-style: italic; padding-left: 20px;"
    />
    <div
      style="font-size: 18px; font-weight: 600; padding-left: 20px; padding-top: 20px;"
    >
      Current Conference:
    </div>
    <div
      style="font-size: 18px; font-style: italic; padding-left: 20px;"
    >
      , 
    </div>
    <div
      style="font-size: 18px; font-weight: 600; padding-left: 20px; padding-top: 20px;"
    >
      Previous Conferences:
    </div>
    <div
      style="font-size: 18px; font-style: italic; padding-left: 20px;"
    >
      , 
    </div>
  </div>
</DocumentFragment>
`;
